Testing MedGemma Question Generation START...
Registry actions fetched. Count: 30
Testing MedGemma Question Generation END.
npx.cmd : Error during MedGemma test:
At line:1 char:1
+ npx.cmd tsx src/ai/test-medgemma.ts > test_output.txt 2>&1
+ ~~~~~~~~~~~~~~~~~~~~~~~~~~~~~~~~~~~~~~~~~~~~~~~~~~~~~~~~~~
    + CategoryInfo          : NotSpecified: (Error during MedGemma test::String) [], RemoteException
    + FullyQualifiedErrorId : NativeCommandError
 
Message: Hugging Face API error (410): {"error":"https://api-inference.huggingface.co is no longer supported. Please 
use https://router.huggingface.co instead."}
Stack: Error: Hugging Face API error (410): {"error":"https://api-inference.huggingface.co is no longer supported. 
Please use https://router.huggingface.co instead."}
    at <anonymous> (C:\Users\mikea\Downloads\sicklcell body quest\src\ai\huggingface-adapter.ts:65:31)
    at process.processTicksAndRejections (node:internal/process/task_queues:103:5)
    at async <anonymous> (C:\Users\mikea\Downloads\sicklcell body 
quest\node_modules\@genkit-ai\core\src\action.ts:475:12)
    at async <anonymous> (C:\Users\mikea\Downloads\sicklcell body 
quest\node_modules\@genkit-ai\core\src\action.ts:369:26)
    at async <anonymous> (C:\Users\mikea\Downloads\sicklcell body 
quest\node_modules\@genkit-ai\core\src\tracing\instrumentation.ts:121:24)
    at async runInNewSpan (C:\Users\mikea\Downloads\sicklcell body 
quest\node_modules\@genkit-ai\core\src\tracing\instrumentation.ts:105:10)
    at async actionFn.actionFn.run (C:\Users\mikea\Downloads\sicklcell body 
quest\node_modules\@genkit-ai\core\src\action.ts:321:18)
    at async dispatch (C:\Users\mikea\Downloads\sicklcell body quest\node_modules\@genkit-ai\core\src\action.ts:244:24)
    at async wrapped.wrapped.run (C:\Users\mikea\Downloads\sicklcell body 
quest\node_modules\@genkit-ai\core\src\action.ts:268:22)
    at async wrapped (C:\Users\mikea\Downloads\sicklcell body quest\node_modules\@genkit-ai\core\src\action.ts:229:13)
